{
    "Floats": {
        "float1": 0.5,
        "float2": -0.25,
        "float3": 0.0,
        "float4": 5.0,
        "float5": 0.0
    }
}
