{
    "PosFloat": {
        "float1": 0.0,
        "float2": 1.0,
        "float3": 3.4028234663852886,
        "float4": 340282346638528860.5,
        "float5": 10000000000000000.0
    },
    "PosFloat2": {
        "float1": 0.0,
        "float2": 1.0,
        "float3": 3.4028234663852886,
        "float4": 340282346638528860.5,
        "float5": 10000000000000000.0
    }
}
