{
    "NegInts": {
        "int1": 0,
        "int2": -1,
        "int3": -2,
        "int4": -2147483648,
        "int5": -9223372036854775808,
        "int6": -999999999
    }
}
