{
    "Integers": {
        "int1": 0,
        "int2": 0,
        "int3": 1,
        "int4": -1,
        "int5": 9223372036854775807,
        "int6": -9223372036854775808
    }
}
