{
    "PosInts": {
        "int1": 0,
        "int2": 1,
        "int3": 2147483647,
        "int4": 9223372036854775807,
        "int5": 999999999
    },
    "PosInts2": {
        "int1": 0,
        "int2": 1,
        "int3": 2147483647,
        "int4": 9223372036854775807,
        "int5": 999999999
    }
}
