{
    "Integers": {
        "int1": 0,
        "int2": 42,
        "int3": -7,
        "int4": 1000000,
        "int5": -2048
    }
}
