{
    "Booleans": {
        "bool1": true,
        "bool2": false,
        "bool3": true,
        "bool4": false,
        "bool5": true,
        "bool6": false
    }
}
