{
    "StringsWithQuotes": {
        "double6": "Hello \\'World\\'"
    }
}
