{
    "StringsWithQuotes": {
        "double6": "He replied: 'yes!'"
    }
}
