{
    "ExplicitNulls": {
        "val1": null,
        "val2": null,
        "val3": null,
        "val4": null
    }
}
