{
    "Numbers": {
        "float9": -9.999e+99,
        "float12": 2.2250738585072014e-308,
        "float13": -1.7976931348623157e+308
    }
}
