{
    "Numbers": {
        "float4": 10000000000,
        "float5": -1.234e-12,
        "float6": 123456789.98765433,
        "float7": 1.7976931348623157e+308,
        "float8": 5e-324
    }
}
