{
    "Numbers": {
        "int9": 9223372036854776000,
        "int10": -9223372036854776000,
        "int11": 1e+21,
        "int12": -1e+21
    }
}
