{
    "Numbers": {
        "int5": 100000,
        "int6": -987654,
        "int7": 2147483647,
        "int8": -2147483648
    }
}
