{
    "StringsWithQuotes": {
        "double6": "He replied: \"Yes!\""
    }
}
